
 [38;5;63m──[0m[1;38;5;63m Edit wants to edit [0m[38;5;63m──────────────────────────────────────────────────────────────────────────────[0m
  [38;5;252mEdit file[0m
  [38;5;255mEdit file[0m
  [38;5;243m/Users/test/project/main.go[0m
 [38;5;237m──────────────────────────────────────────────────────────────────────────────────────────────────[0m
  [38;5;240m old [0m[38;5;168;48;5;52m─── old content[0m
  [38;5;240m     [0m[38;5;168;48;5;52m- func old() {}[0m
  [38;5;240m new [0m[38;5;78;48;5;22m─── new content[0m
  [38;5;240m     [0m[38;5;78;48;5;22m+ func new() {[0m
  [38;5;240m     [0m[38;5;78;48;5;22m+     return nil[0m
  [38;5;240m     [0m[38;5;78;48;5;22m+ }[0m
 [38;5;237m──────────────────────────────────────────────────────────────────────────────────────────────────[0m
 [38;5;255mAllow?[0m  [38;5;243my[0m [38;5;243mYes[0m  [38;5;243mn[0m [38;5;243mNo[0m  [38;5;63ma[0m [1mAlways[0m
