 [38;5;63m╭── Bash wants to run ────────────────────────────────────────────────────────╮[0m
 [38;5;63m│[0m [38;5;252mRun command[0m
 [38;5;63m│[0m [38;5;255mRun shell command[0m
 [38;5;63m╌╌╌╌╌╌╌╌╌╌╌╌╌╌╌╌╌╌╌╌╌╌╌╌╌╌╌╌╌╌╌╌╌╌╌╌╌╌╌╌╌╌╌╌╌╌╌╌╌╌╌╌╌╌╌╌╌╌╌╌╌╌╌╌╌╌╌╌╌╌╌╌╌╌╌╌╌╌[0m
 [38;5;240m   1 [0m[38;5;255m$ rm -rf /tmp/test[0m
 [38;5;63m╌╌╌╌╌╌╌╌╌╌╌╌╌╌╌╌╌╌╌╌╌╌╌╌╌╌╌╌╌╌╌╌╌╌╌╌╌╌╌╌╌╌╌╌╌╌╌╌╌╌╌╌╌╌╌╌╌╌╌╌╌╌╌╌╌╌╌╌╌╌╌╌╌╌╌╌╌╌[0m
