
 [38;5;63m──[0m[1;38;5;63m Bash wants to run [0m[38;5;63m───────────────────────────────────────────────────────────[0m
  [38;5;252mRun command[0m
  [38;5;255mRun shell command[0m
  [38;5;243m/Users/test/project[0m
 [38;5;237m──────────────────────────────────────────────────────────────────────────────[0m
  [38;5;240m   1 [0m[38;5;255m$ rm -rf /tmp/test[0m
 [38;5;237m──────────────────────────────────────────────────────────────────────────────[0m
 [38;5;255mAllow?[0m  [38;5;63my[0m [1mYes[0m  [38;5;243mn[0m [38;5;243mNo[0m  [38;5;243ma[0m [38;5;243mAlways[0m
