[38;5;245m───────────────────────────────────────────────────────────────────────────────────────────────────[0m
[37m❯ [0mFirst line
[37m  [0mSecond line
[37m  [0mThird line[7m [0m
[38;5;245m───────────────────────────────────────────────────────────────────────────────────────────────────[0m